\BOOKMARK [1][-]{section.1}{\376\377\0001\000\040\000E\000x\000e\000c\000u\000t\000i\000v\000e\000\040\000S\000u\000m\000m\000a\000r\000y}{}% 1
\BOOKMARK [1][-]{section.2}{\376\377\0002\000\040\000M\000i\000s\000s\000i\000o\000n\000\040\000O\000v\000e\000r\000v\000i\000e\000w}{}% 2
\BOOKMARK [1][-]{section.3}{\376\377\0003\000\040\000S\000i\000m\000u\000l\000a\000t\000i\000o\000n\000\040\000E\000n\000v\000i\000r\000o\000n\000m\000e\000n\000t}{}% 3
\BOOKMARK [2][-]{subsection.3.1}{\376\377\0003\000.\0001\000\040\000G\000a\000z\000e\000b\000o\000\040\000W\000o\000r\000l\000d}{section.3}% 4
\BOOKMARK [2][-]{subsection.3.2}{\376\377\0003\000.\0002\000\040\000A\000U\000V\000\040\000V\000e\000h\000i\000c\000l\000e\000\040\000M\000o\000d\000e\000l}{section.3}% 5
\BOOKMARK [2][-]{subsection.3.3}{\376\377\0003\000.\0003\000\040\000S\000e\000n\000s\000o\000r\000\040\000S\000u\000i\000t\000e}{section.3}% 6
\BOOKMARK [2][-]{subsection.3.4}{\376\377\0003\000.\0004\000\040\000M\000o\000t\000i\000o\000n\000\040\000\046\000\040\000P\000h\000y\000s\000i\000c\000s}{section.3}% 7
\BOOKMARK [1][-]{section.4}{\376\377\0004\000\040\000S\000y\000s\000t\000e\000m\000\040\000A\000r\000c\000h\000i\000t\000e\000c\000t\000u\000r\000e}{}% 8
\BOOKMARK [2][-]{subsection.4.1}{\376\377\0004\000.\0001\000\040\000W\000o\000r\000k\000s\000p\000a\000c\000e\000\040\000L\000a\000y\000o\000u\000t}{section.4}% 9
\BOOKMARK [2][-]{subsection.4.2}{\376\377\0004\000.\0002\000\040\000R\000O\000S\0002\000\040\040\023\000\040\000G\000a\000z\000e\000b\000o\000\040\000B\000r\000i\000d\000g\000e}{section.4}% 10
\BOOKMARK [2][-]{subsection.4.3}{\376\377\0004\000.\0003\000\040\000N\000o\000d\000e\000\040\000G\000r\000a\000p\000h}{section.4}% 11
\BOOKMARK [1][-]{section.5}{\376\377\0005\000\040\000M\000i\000s\000s\000i\000o\000n\000\040\000N\000a\000v\000i\000g\000a\000t\000i\000o\000n}{}% 12
\BOOKMARK [2][-]{subsection.5.1}{\376\377\0005\000.\0001\000\040\000G\000a\000t\000e\000\040\000N\000a\000v\000i\000g\000a\000t\000i\000o\000n}{section.5}% 13
\BOOKMARK [2][-]{subsection.5.2}{\376\377\0005\000.\0002\000\040\000G\000r\000e\000e\000n\000\040\000Z\000o\000n\000e\000\040\000\046\000\040\000B\000l\000u\000e\000\040\000B\000i\000n}{section.5}% 14
\BOOKMARK [1][-]{section.6}{\376\377\0006\000\040\000M\000a\000p\000p\000i\000n\000g\000\040\000\046\000\040\000L\000o\000c\000a\000l\000i\000s\000a\000t\000i\000o\000n}{}% 15
\BOOKMARK [2][-]{subsection.6.1}{\376\377\0006\000.\0001\000\040\000O\000d\000o\000m\000e\000t\000r\000y\000-\000B\000a\000s\000e\000d\000\040\000L\000o\000c\000a\000l\000i\000s\000a\000t\000i\000o\000n}{section.6}% 16
\BOOKMARK [2][-]{subsection.6.2}{\376\377\0006\000.\0002\000\040\000T\000r\000a\000j\000e\000c\000t\000o\000r\000y\000\040\000\050\000T\000r\000a\000i\000l\000\051\000\040\000M\000a\000p\000p\000i\000n\000g}{section.6}% 17
\BOOKMARK [2][-]{subsection.6.3}{\376\377\0006\000.\0003\000\040\000S\000i\000m\000-\000t\000o\000-\000R\000e\000a\000l\000\040\000L\000o\000c\000a\000l\000i\000s\000a\000t\000i\000o\000n}{section.6}% 18
\BOOKMARK [1][-]{section.7}{\376\377\0007\000\040\000T\000e\000s\000t\000i\000n\000g\000\040\000\046\000\040\000V\000a\000l\000i\000d\000a\000t\000i\000o\000n}{}% 19
\BOOKMARK [2][-]{subsection.7.1}{\376\377\0007\000.\0001\000\040\000N\000o\000m\000i\000n\000a\000l\000\040\000M\000i\000s\000s\000i\000o\000n\000\040\000R\000u\000n}{section.7}% 20
\BOOKMARK [2][-]{subsection.7.2}{\376\377\0007\000.\0002\000\040\000L\000i\000v\000e\000\040\000M\000o\000n\000i\000t\000o\000r\000i\000n\000g\000\040\000C\000o\000m\000m\000a\000n\000d\000s}{section.7}% 21
\BOOKMARK [1][-]{section.8}{\376\377\0008\000\040\000L\000a\000u\000n\000c\000h\000\040\000\046\000\040\000O\000p\000e\000r\000a\000t\000i\000o\000n}{}% 22
\BOOKMARK [1][-]{section.9}{\376\377\0009\000\040\000K\000n\000o\000w\000n\000\040\000L\000i\000m\000i\000t\000a\000t\000i\000o\000n\000s\000\040\000\046\000\040\000N\000e\000x\000t\000\040\000S\000t\000e\000p\000s}{}% 23
\BOOKMARK [1][-]{section.10}{\376\377\0001\0000\000\040\000C\000o\000n\000c\000l\000u\000s\000i\000o\000n}{}% 24
